// Jest Snapshot v1, https://goo.gl/fbAQLP

exports[`<GenerateButton/> matches snapshot 1`] = `
<button
  class="Generate-Btn"
/>
`;
